mode: set
github.com/artyomstank/virtual_deanery/apperror/errors.go:18.35,19.18 1 0
github.com/artyomstank/virtual_deanery/apperror/errors.go:19.18,21.3 1 0
github.com/artyomstank/virtual_deanery/apperror/errors.go:22.2,22.22 1 0
github.com/artyomstank/virtual_deanery/apperror/errors.go:26.35,28.2 1 0
github.com/artyomstank/virtual_deanery/apperror/errors.go:31.57,37.2 1 0
github.com/artyomstank/virtual_deanery/apperror/errors.go:62.43,64.29 2 0
github.com/artyomstank/virtual_deanery/apperror/errors.go:64.29,66.3 1 0
github.com/artyomstank/virtual_deanery/apperror/errors.go:67.2,67.14 1 0
github.com/artyomstank/virtual_deanery/internal/db/postgres.go:15.74,17.16 2 0
github.com/artyomstank/virtual_deanery/internal/db/postgres.go:17.16,19.3 1 0
github.com/artyomstank/virtual_deanery/internal/db/postgres.go:21.2,28.16 7 0
github.com/artyomstank/virtual_deanery/internal/db/postgres.go:28.16,30.3 1 0
github.com/artyomstank/virtual_deanery/internal/db/postgres.go:32.2,32.39 1 0
github.com/artyomstank/virtual_deanery/internal/db/postgres.go:32.39,35.3 2 0
github.com/artyomstank/virtual_deanery/internal/db/postgres.go:37.2,37.18 1 0
github.com/artyomstank/virtual_deanery/internal/db/postgres.go:42.32,43.17 1 0
github.com/artyomstank/virtual_deanery/internal/db/postgres.go:43.17,45.3 1 0
github.com/artyomstank/virtual_deanery/cmd/api/main.go:12.13,15.16 2 0
github.com/artyomstank/virtual_deanery/cmd/api/main.go:15.16,17.3 1 0
github.com/artyomstank/virtual_deanery/cmd/api/main.go:20.2,21.16 2 0
github.com/artyomstank/virtual_deanery/cmd/api/main.go:21.16,23.3 1 0
github.com/artyomstank/virtual_deanery/cmd/api/main.go:26.2,26.62 1 0
github.com/artyomstank/virtual_deanery/cmd/api/main.go:26.62,28.3 1 0
github.com/artyomstank/virtual_deanery/internal/config/config.go:39.30,43.43 2 0
github.com/artyomstank/virtual_deanery/internal/config/config.go:43.43,44.59 1 0
github.com/artyomstank/virtual_deanery/internal/config/config.go:44.59,46.4 1 0
github.com/artyomstank/virtual_deanery/internal/config/config.go:50.2,50.47 1 0
github.com/artyomstank/virtual_deanery/internal/config/config.go:50.47,52.3 1 0
github.com/artyomstank/virtual_deanery/internal/config/config.go:55.2,55.25 1 0
github.com/artyomstank/virtual_deanery/internal/config/config.go:55.25,57.3 1 0
github.com/artyomstank/virtual_deanery/internal/config/config.go:59.2,59.29 1 0
github.com/artyomstank/virtual_deanery/internal/config/config.go:59.29,61.3 1 0
github.com/artyomstank/virtual_deanery/internal/config/config.go:63.2,69.35 2 0
github.com/artyomstank/virtual_deanery/internal/config/config.go:69.35,71.3 1 0
github.com/artyomstank/virtual_deanery/internal/config/config.go:73.2,73.18 1 0
github.com/artyomstank/virtual_deanery/internal/config/config.go:77.31,82.2 1 0
github.com/artyomstank/virtual_deanery/internal/config/config.go:85.31,87.2 1 0
github.com/artyomstank/virtual_deanery/internal/app/app.go:33.44,39.16 3 0
github.com/artyomstank/virtual_deanery/internal/app/app.go:39.16,42.3 2 0
github.com/artyomstank/virtual_deanery/internal/app/app.go:45.2,66.16 12 0
github.com/artyomstank/virtual_deanery/internal/app/app.go:66.16,68.3 1 0
github.com/artyomstank/virtual_deanery/internal/app/app.go:69.2,77.8 3 0
github.com/artyomstank/virtual_deanery/internal/app/app.go:81.46,86.12 2 0
github.com/artyomstank/virtual_deanery/internal/app/app.go:86.12,87.77 1 0
github.com/artyomstank/virtual_deanery/internal/app/app.go:87.77,89.4 1 0
github.com/artyomstank/virtual_deanery/internal/app/app.go:92.2,99.9 4 0
github.com/artyomstank/virtual_deanery/internal/app/app.go:100.24,102.13 2 0
github.com/artyomstank/virtual_deanery/internal/app/app.go:103.24,105.25 2 0
github.com/artyomstank/virtual_deanery/internal/app/app.go:110.51,117.55 4 0
github.com/artyomstank/virtual_deanery/internal/app/app.go:117.55,119.3 1 0
github.com/artyomstank/virtual_deanery/internal/app/app.go:122.2,122.21 1 0
github.com/artyomstank/virtual_deanery/internal/app/app.go:122.21,125.3 2 0
github.com/artyomstank/virtual_deanery/internal/app/app.go:127.2,128.12 2 0
github.com/artyomstank/virtual_deanery/internal/repo/memory/user_repo.go:28.30,32.2 1 0
github.com/artyomstank/virtual_deanery/internal/repo/memory/user_repo.go:36.73,41.28 3 0
github.com/artyomstank/virtual_deanery/internal/repo/memory/user_repo.go:41.28,42.28 1 0
github.com/artyomstank/virtual_deanery/internal/repo/memory/user_repo.go:42.28,44.4 1 0
github.com/artyomstank/virtual_deanery/internal/repo/memory/user_repo.go:45.3,45.34 1 0
github.com/artyomstank/virtual_deanery/internal/repo/memory/user_repo.go:45.34,47.4 1 0
github.com/artyomstank/virtual_deanery/internal/repo/memory/user_repo.go:50.2,57.12 5 0
github.com/artyomstank/virtual_deanery/internal/repo/memory/user_repo.go:61.79,66.9 4 0
github.com/artyomstank/virtual_deanery/internal/repo/memory/user_repo.go:66.9,68.3 1 0
github.com/artyomstank/virtual_deanery/internal/repo/memory/user_repo.go:70.2,71.20 2 0
github.com/artyomstank/virtual_deanery/internal/repo/memory/user_repo.go:75.88,79.28 3 0
github.com/artyomstank/virtual_deanery/internal/repo/memory/user_repo.go:79.28,80.23 1 0
github.com/artyomstank/virtual_deanery/internal/repo/memory/user_repo.go:80.23,83.4 2 0
github.com/artyomstank/virtual_deanery/internal/repo/memory/user_repo.go:85.2,85.42 1 0
github.com/artyomstank/virtual_deanery/internal/repo/memory/user_repo.go:89.94,93.28 3 0
github.com/artyomstank/virtual_deanery/internal/repo/memory/user_repo.go:93.28,94.29 1 0
github.com/artyomstank/virtual_deanery/internal/repo/memory/user_repo.go:94.29,97.4 2 0
github.com/artyomstank/virtual_deanery/internal/repo/memory/user_repo.go:99.2,99.42 1 0
github.com/artyomstank/virtual_deanery/internal/repo/memory/user_repo.go:103.73,108.9 4 0
github.com/artyomstank/virtual_deanery/internal/repo/memory/user_repo.go:108.9,110.3 1 0
github.com/artyomstank/virtual_deanery/internal/repo/memory/user_repo.go:112.2,114.12 3 0
github.com/artyomstank/virtual_deanery/internal/repo/memory/user_repo.go:119.87,124.9 4 0
github.com/artyomstank/virtual_deanery/internal/repo/memory/user_repo.go:124.9,126.3 1 0
github.com/artyomstank/virtual_deanery/internal/repo/memory/user_repo.go:128.2,129.12 2 0
github.com/artyomstank/virtual_deanery/internal/repo/memory/user_repo.go:139.30,148.2 1 0
github.com/artyomstank/virtual_deanery/internal/repo/memory/user_repo.go:151.86,156.9 4 0
github.com/artyomstank/virtual_deanery/internal/repo/memory/user_repo.go:156.9,158.3 1 0
github.com/artyomstank/virtual_deanery/internal/repo/memory/user_repo.go:160.2,161.20 2 0
github.com/artyomstank/virtual_deanery/internal/repo/memory/user_repo.go:165.71,170.31 4 0
github.com/artyomstank/virtual_deanery/internal/repo/memory/user_repo.go:170.31,172.3 1 0
github.com/artyomstank/virtual_deanery/internal/repo/memory/user_repo.go:173.2,173.20 1 0
github.com/artyomstank/virtual_deanery/internal/repo/memory/user_repo.go:184.28,189.2 1 0
github.com/artyomstank/virtual_deanery/internal/repo/memory/user_repo.go:192.50,197.2 3 0
github.com/artyomstank/virtual_deanery/internal/repo/memory/user_repo.go:201.98,208.32 5 0
github.com/artyomstank/virtual_deanery/internal/repo/memory/user_repo.go:208.32,209.23 1 0
github.com/artyomstank/virtual_deanery/internal/repo/memory/user_repo.go:209.23,212.9 3 0
github.com/artyomstank/virtual_deanery/internal/repo/memory/user_repo.go:216.2,216.12 1 0
github.com/artyomstank/virtual_deanery/internal/repo/memory/user_repo.go:216.12,218.3 1 0
github.com/artyomstank/virtual_deanery/internal/repo/memory/user_repo.go:220.2,221.34 2 0
github.com/artyomstank/virtual_deanery/internal/repo/memory/user_repo.go:221.34,222.29 1 0
github.com/artyomstank/virtual_deanery/internal/repo/memory/user_repo.go:222.29,224.4 1 0
github.com/artyomstank/virtual_deanery/internal/repo/memory/user_repo.go:226.2,226.20 1 0
github.com/artyomstank/virtual_deanery/internal/repo/memory/user_repo.go:231.81,235.30 3 0
github.com/artyomstank/virtual_deanery/internal/repo/memory/user_repo.go:235.30,236.67 1 0
github.com/artyomstank/virtual_deanery/internal/repo/memory/user_repo.go:236.67,239.4 2 0
github.com/artyomstank/virtual_deanery/internal/repo/memory/user_repo.go:242.2,243.12 2 0
github.com/artyomstank/virtual_deanery/internal/domain/entity/user.go:62.58,72.2 2 0
github.com/artyomstank/virtual_deanery/internal/domain/entity/user.go:78.87,79.14 1 0
github.com/artyomstank/virtual_deanery/internal/domain/entity/user.go:79.14,81.3 1 0
github.com/artyomstank/virtual_deanery/internal/domain/entity/user.go:83.2,83.32 1 0
github.com/artyomstank/virtual_deanery/internal/domain/entity/user.go:83.32,84.38 1 0
github.com/artyomstank/virtual_deanery/internal/domain/entity/user.go:84.38,85.12 1 0
github.com/artyomstank/virtual_deanery/internal/domain/entity/user.go:88.3,88.17 1 0
github.com/artyomstank/virtual_deanery/internal/domain/entity/user.go:89.19,90.24 1 0
github.com/artyomstank/virtual_deanery/internal/domain/entity/user.go:91.20,92.25 1 0
github.com/artyomstank/virtual_deanery/internal/domain/entity/user.go:93.21,94.26 1 0
github.com/artyomstank/virtual_deanery/internal/domain/entity/user.go:95.11,96.16 1 0
github.com/artyomstank/virtual_deanery/internal/domain/entity/user.go:100.2,100.14 1 0
github.com/artyomstank/virtual_deanery/internal/domain/entity/user.go:105.31,106.14 1 0
github.com/artyomstank/virtual_deanery/internal/domain/entity/user.go:106.14,108.3 1 0
github.com/artyomstank/virtual_deanery/internal/domain/entity/user.go:110.2,110.31 1 0
github.com/artyomstank/virtual_deanery/internal/repo/postgres/acl_repo.go:18.46,20.2 1 0
github.com/artyomstank/virtual_deanery/internal/repo/postgres/acl_repo.go:23.98,34.16 3 0
github.com/artyomstank/virtual_deanery/internal/repo/postgres/acl_repo.go:34.16,36.3 1 0
github.com/artyomstank/virtual_deanery/internal/repo/postgres/acl_repo.go:37.2,40.18 3 0
github.com/artyomstank/virtual_deanery/internal/repo/postgres/acl_repo.go:40.18,45.17 2 0
github.com/artyomstank/virtual_deanery/internal/repo/postgres/acl_repo.go:45.17,47.4 1 0
github.com/artyomstank/virtual_deanery/internal/repo/postgres/acl_repo.go:48.3,48.35 1 0
github.com/artyomstank/virtual_deanery/internal/repo/postgres/acl_repo.go:51.2,51.35 1 0
github.com/artyomstank/virtual_deanery/internal/repo/postgres/acl_repo.go:51.35,53.3 1 0
github.com/artyomstank/virtual_deanery/internal/repo/postgres/acl_repo.go:56.2,56.20 1 0
github.com/artyomstank/virtual_deanery/internal/repo/postgres/acl_repo.go:56.20,58.3 1 0
github.com/artyomstank/virtual_deanery/internal/repo/postgres/acl_repo.go:60.2,60.21 1 0
github.com/artyomstank/virtual_deanery/internal/repo/postgres/acl_repo.go:64.81,72.16 2 0
github.com/artyomstank/virtual_deanery/internal/repo/postgres/acl_repo.go:72.16,74.3 1 0
github.com/artyomstank/virtual_deanery/internal/repo/postgres/acl_repo.go:75.2,75.12 1 0
github.com/artyomstank/virtual_deanery/internal/repo/postgres/role_repo.go:20.48,22.2 1 0
github.com/artyomstank/virtual_deanery/internal/repo/postgres/role_repo.go:25.86,31.16 5 0
github.com/artyomstank/virtual_deanery/internal/repo/postgres/role_repo.go:31.16,32.36 1 0
github.com/artyomstank/virtual_deanery/internal/repo/postgres/role_repo.go:32.36,34.4 1 0
github.com/artyomstank/virtual_deanery/internal/repo/postgres/role_repo.go:35.3,35.56 1 0
github.com/artyomstank/virtual_deanery/internal/repo/postgres/role_repo.go:37.2,37.18 1 0
github.com/artyomstank/virtual_deanery/internal/repo/postgres/role_repo.go:41.71,45.16 3 0
github.com/artyomstank/virtual_deanery/internal/repo/postgres/role_repo.go:45.16,47.3 1 0
github.com/artyomstank/virtual_deanery/internal/repo/postgres/role_repo.go:48.2,51.18 3 0
github.com/artyomstank/virtual_deanery/internal/repo/postgres/role_repo.go:51.18,53.76 2 0
github.com/artyomstank/virtual_deanery/internal/repo/postgres/role_repo.go:53.76,55.4 1 0
github.com/artyomstank/virtual_deanery/internal/repo/postgres/role_repo.go:56.3,56.30 1 0
github.com/artyomstank/virtual_deanery/internal/repo/postgres/role_repo.go:59.2,59.35 1 0
github.com/artyomstank/virtual_deanery/internal/repo/postgres/role_repo.go:59.35,61.3 1 0
github.com/artyomstank/virtual_deanery/internal/repo/postgres/role_repo.go:63.2,63.19 1 0
github.com/artyomstank/virtual_deanery/internal/repo/postgres/user_repo.go:21.48,23.2 1 0
github.com/artyomstank/virtual_deanery/internal/repo/postgres/user_repo.go:26.73,28.16 2 0
github.com/artyomstank/virtual_deanery/internal/repo/postgres/user_repo.go:28.16,30.3 1 0
github.com/artyomstank/virtual_deanery/internal/repo/postgres/user_repo.go:31.2,40.16 3 0
github.com/artyomstank/virtual_deanery/internal/repo/postgres/user_repo.go:40.16,42.54 2 0
github.com/artyomstank/virtual_deanery/internal/repo/postgres/user_repo.go:42.54,43.47 1 0
github.com/artyomstank/virtual_deanery/internal/repo/postgres/user_repo.go:43.47,45.5 1 0
github.com/artyomstank/virtual_deanery/internal/repo/postgres/user_repo.go:46.4,46.50 1 0
github.com/artyomstank/virtual_deanery/internal/repo/postgres/user_repo.go:46.50,48.5 1 0
github.com/artyomstank/virtual_deanery/internal/repo/postgres/user_repo.go:50.3,50.48 1 0
github.com/artyomstank/virtual_deanery/internal/repo/postgres/user_repo.go:54.2,59.16 3 0
github.com/artyomstank/virtual_deanery/internal/repo/postgres/user_repo.go:59.16,61.3 1 0
github.com/artyomstank/virtual_deanery/internal/repo/postgres/user_repo.go:64.2,68.16 2 0
github.com/artyomstank/virtual_deanery/internal/repo/postgres/user_repo.go:68.16,70.3 1 0
github.com/artyomstank/virtual_deanery/internal/repo/postgres/user_repo.go:72.2,72.39 1 0
github.com/artyomstank/virtual_deanery/internal/repo/postgres/user_repo.go:72.39,74.3 1 0
github.com/artyomstank/virtual_deanery/internal/repo/postgres/user_repo.go:75.2,75.12 1 0
github.com/artyomstank/virtual_deanery/internal/repo/postgres/user_repo.go:79.79,95.16 5 0
github.com/artyomstank/virtual_deanery/internal/repo/postgres/user_repo.go:95.16,96.36 1 0
github.com/artyomstank/virtual_deanery/internal/repo/postgres/user_repo.go:96.36,98.4 1 0
github.com/artyomstank/virtual_deanery/internal/repo/postgres/user_repo.go:99.3,99.54 1 0
github.com/artyomstank/virtual_deanery/internal/repo/postgres/user_repo.go:101.2,101.18 1 0
github.com/artyomstank/virtual_deanery/internal/repo/postgres/user_repo.go:105.88,121.16 5 0
github.com/artyomstank/virtual_deanery/internal/repo/postgres/user_repo.go:121.16,122.36 1 0
github.com/artyomstank/virtual_deanery/internal/repo/postgres/user_repo.go:122.36,124.4 1 0
github.com/artyomstank/virtual_deanery/internal/repo/postgres/user_repo.go:125.3,125.57 1 0
github.com/artyomstank/virtual_deanery/internal/repo/postgres/user_repo.go:127.2,127.18 1 0
github.com/artyomstank/virtual_deanery/internal/repo/postgres/user_repo.go:131.94,147.16 5 0
github.com/artyomstank/virtual_deanery/internal/repo/postgres/user_repo.go:147.16,148.36 1 0
github.com/artyomstank/virtual_deanery/internal/repo/postgres/user_repo.go:148.36,150.4 1 0
github.com/artyomstank/virtual_deanery/internal/repo/postgres/user_repo.go:151.3,151.60 1 0
github.com/artyomstank/virtual_deanery/internal/repo/postgres/user_repo.go:153.2,153.18 1 0
github.com/artyomstank/virtual_deanery/internal/repo/postgres/user_repo.go:157.73,162.16 2 0
github.com/artyomstank/virtual_deanery/internal/repo/postgres/user_repo.go:162.16,164.3 1 0
github.com/artyomstank/virtual_deanery/internal/repo/postgres/user_repo.go:165.2,165.12 1 0
github.com/artyomstank/virtual_deanery/internal/repo/postgres/user_repo.go:169.87,171.16 2 0
github.com/artyomstank/virtual_deanery/internal/repo/postgres/user_repo.go:171.16,173.3 1 0
github.com/artyomstank/virtual_deanery/internal/repo/postgres/user_repo.go:174.2,178.16 3 0
github.com/artyomstank/virtual_deanery/internal/repo/postgres/user_repo.go:178.16,180.3 1 0
github.com/artyomstank/virtual_deanery/internal/repo/postgres/user_repo.go:183.2,185.16 3 0
github.com/artyomstank/virtual_deanery/internal/repo/postgres/user_repo.go:185.16,186.36 1 0
github.com/artyomstank/virtual_deanery/internal/repo/postgres/user_repo.go:186.36,188.4 1 0
github.com/artyomstank/virtual_deanery/internal/repo/postgres/user_repo.go:189.3,189.52 1 0
github.com/artyomstank/virtual_deanery/internal/repo/postgres/user_repo.go:193.2,194.16 2 0
github.com/artyomstank/virtual_deanery/internal/repo/postgres/user_repo.go:194.16,196.3 1 0
github.com/artyomstank/virtual_deanery/internal/repo/postgres/user_repo.go:198.2,198.39 1 0
github.com/artyomstank/virtual_deanery/internal/repo/postgres/user_repo.go:198.39,200.3 1 0
github.com/artyomstank/virtual_deanery/internal/repo/postgres/user_repo.go:201.2,201.12 1 0
github.com/artyomstank/virtual_deanery/internal/repo/postgres/user_repo.go:206.35,208.2 1 0
github.com/artyomstank/virtual_deanery/internal/repo/postgres/user_repo.go:210.42,211.40 1 0
github.com/artyomstank/virtual_deanery/internal/repo/postgres/user_repo.go:211.40,212.29 1 0
github.com/artyomstank/virtual_deanery/internal/repo/postgres/user_repo.go:212.29,214.4 1 0
github.com/artyomstank/virtual_deanery/internal/repo/postgres/user_repo.go:216.2,216.14 1 0
github.com/artyomstank/virtual_deanery/internal/service/acl_service.go:28.22,36.2 1 0
github.com/artyomstank/virtual_deanery/internal/service/acl_service.go:39.78,41.16 2 0
github.com/artyomstank/virtual_deanery/internal/service/acl_service.go:41.16,44.3 2 0
github.com/artyomstank/virtual_deanery/internal/service/acl_service.go:46.2,46.19 1 0
github.com/artyomstank/virtual_deanery/internal/service/acl_service.go:50.150,53.16 2 0
github.com/artyomstank/virtual_deanery/internal/service/acl_service.go:53.16,56.3 2 0
github.com/artyomstank/virtual_deanery/internal/service/acl_service.go:58.2,58.22 1 0
github.com/artyomstank/virtual_deanery/internal/service/acl_service.go:58.22,61.3 2 0
github.com/artyomstank/virtual_deanery/internal/service/acl_service.go:64.2,72.58 2 0
github.com/artyomstank/virtual_deanery/internal/service/acl_service.go:72.58,75.3 2 0
github.com/artyomstank/virtual_deanery/internal/service/acl_service.go:80.2,86.12 2 0
github.com/artyomstank/virtual_deanery/internal/service/acl_service.go:90.100,92.16 2 0
github.com/artyomstank/virtual_deanery/internal/service/acl_service.go:92.16,95.3 2 0
github.com/artyomstank/virtual_deanery/internal/service/acl_service.go:97.2,97.21 1 0
github.com/artyomstank/virtual_deanery/internal/service/user_service.go:40.23,50.2 1 0
github.com/artyomstank/virtual_deanery/internal/service/user_service.go:53.104,55.71 1 0
github.com/artyomstank/virtual_deanery/internal/service/user_service.go:55.71,57.3 1 0
github.com/artyomstank/virtual_deanery/internal/service/user_service.go:59.2,59.29 1 0
github.com/artyomstank/virtual_deanery/internal/service/user_service.go:59.29,61.3 1 0
github.com/artyomstank/virtual_deanery/internal/service/user_service.go:64.2,64.26 1 0
github.com/artyomstank/virtual_deanery/internal/service/user_service.go:64.26,66.3 1 0
github.com/artyomstank/virtual_deanery/internal/service/user_service.go:69.2,70.16 2 0
github.com/artyomstank/virtual_deanery/internal/service/user_service.go:70.16,73.3 2 0
github.com/artyomstank/virtual_deanery/internal/service/user_service.go:76.2,77.16 2 0
github.com/artyomstank/virtual_deanery/internal/service/user_service.go:77.16,79.3 1 0
github.com/artyomstank/virtual_deanery/internal/service/user_service.go:80.2,80.49 1 0
github.com/artyomstank/virtual_deanery/internal/service/user_service.go:80.49,83.3 2 0
github.com/artyomstank/virtual_deanery/internal/service/user_service.go:86.2,87.16 2 0
github.com/artyomstank/virtual_deanery/internal/service/user_service.go:87.16,89.3 1 0
github.com/artyomstank/virtual_deanery/internal/service/user_service.go:90.2,90.49 1 0
github.com/artyomstank/virtual_deanery/internal/service/user_service.go:90.49,93.3 2 0
github.com/artyomstank/virtual_deanery/internal/service/user_service.go:96.2,97.16 2 0
github.com/artyomstank/virtual_deanery/internal/service/user_service.go:97.16,100.3 2 0
github.com/artyomstank/virtual_deanery/internal/service/user_service.go:103.2,114.53 3 0
github.com/artyomstank/virtual_deanery/internal/service/user_service.go:114.53,116.54 2 0
github.com/artyomstank/virtual_deanery/internal/service/user_service.go:116.54,118.4 1 0
github.com/artyomstank/virtual_deanery/internal/service/user_service.go:119.3,119.35 1 0
github.com/artyomstank/virtual_deanery/internal/service/user_service.go:122.2,123.18 2 0
github.com/artyomstank/virtual_deanery/internal/service/user_service.go:127.105,128.47 1 0
github.com/artyomstank/virtual_deanery/internal/service/user_service.go:128.47,130.3 1 0
github.com/artyomstank/virtual_deanery/internal/service/user_service.go:133.2,134.16 2 0
github.com/artyomstank/virtual_deanery/internal/service/user_service.go:134.16,137.3 2 0
github.com/artyomstank/virtual_deanery/internal/service/user_service.go:140.2,140.20 1 0
github.com/artyomstank/virtual_deanery/internal/service/user_service.go:140.20,143.3 2 0
github.com/artyomstank/virtual_deanery/internal/service/user_service.go:146.2,146.105 1 0
github.com/artyomstank/virtual_deanery/internal/service/user_service.go:146.105,149.3 2 0
github.com/artyomstank/virtual_deanery/internal/service/user_service.go:152.2,153.16 2 0
github.com/artyomstank/virtual_deanery/internal/service/user_service.go:153.16,156.3 2 0
github.com/artyomstank/virtual_deanery/internal/service/user_service.go:158.2,165.8 3 0
github.com/artyomstank/virtual_deanery/internal/service/user_service.go:169.97,171.16 2 0
github.com/artyomstank/virtual_deanery/internal/service/user_service.go:171.16,173.3 1 0
github.com/artyomstank/virtual_deanery/internal/service/user_service.go:175.2,181.8 1 0
github.com/artyomstank/virtual_deanery/internal/service/user_service.go:185.117,187.16 2 0
github.com/artyomstank/virtual_deanery/internal/service/user_service.go:187.16,189.3 1 0
github.com/artyomstank/virtual_deanery/internal/service/user_service.go:192.2,193.16 2 0
github.com/artyomstank/virtual_deanery/internal/service/user_service.go:193.16,196.3 2 0
github.com/artyomstank/virtual_deanery/internal/service/user_service.go:199.2,199.52 1 0
github.com/artyomstank/virtual_deanery/internal/service/user_service.go:199.52,207.3 2 0
github.com/artyomstank/virtual_deanery/internal/service/user_service.go:209.2,209.12 1 0
github.com/artyomstank/virtual_deanery/internal/service/user_service.go:213.113,216.16 2 0
github.com/artyomstank/virtual_deanery/internal/service/user_service.go:216.16,218.3 1 0
github.com/artyomstank/virtual_deanery/internal/service/user_service.go:220.2,220.22 1 0
github.com/artyomstank/virtual_deanery/internal/service/user_service.go:220.22,223.3 2 0
github.com/artyomstank/virtual_deanery/internal/service/user_service.go:226.2,227.16 2 0
github.com/artyomstank/virtual_deanery/internal/service/user_service.go:227.16,229.3 1 0
github.com/artyomstank/virtual_deanery/internal/service/user_service.go:232.2,235.59 3 0
github.com/artyomstank/virtual_deanery/internal/service/user_service.go:235.59,238.3 2 0
github.com/artyomstank/virtual_deanery/internal/service/user_service.go:240.2,245.12 2 0
github.com/artyomstank/virtual_deanery/internal/service/user_service.go:249.102,251.45 2 0
github.com/artyomstank/virtual_deanery/internal/service/user_service.go:251.45,254.3 2 0
github.com/artyomstank/virtual_deanery/internal/service/user_service.go:255.2,259.16 3 0
github.com/artyomstank/virtual_deanery/internal/service/user_service.go:259.16,261.3 1 0
github.com/artyomstank/virtual_deanery/internal/service/user_service.go:264.2,268.21 4 0
github.com/artyomstank/virtual_deanery/internal/service/user_service.go:272.59,276.20 3 0
github.com/artyomstank/virtual_deanery/internal/service/user_service.go:276.20,279.3 1 0
github.com/artyomstank/virtual_deanery/internal/service/user_service.go:279.8,281.3 1 0
github.com/artyomstank/virtual_deanery/internal/transport/http/server.go:21.79,33.2 1 0
github.com/artyomstank/virtual_deanery/internal/transport/http/server.go:36.32,39.2 2 0
github.com/artyomstank/virtual_deanery/internal/transport/http/server.go:42.50,45.2 2 0
github.com/artyomstank/virtual_deanery/internal/transport/http/handler/acl_handler.go:25.79,31.2 1 0
github.com/artyomstank/virtual_deanery/internal/transport/http/handler/acl_handler.go:35.47,37.16 2 0
github.com/artyomstank/virtual_deanery/internal/transport/http/handler/acl_handler.go:37.16,44.3 3 0
github.com/artyomstank/virtual_deanery/internal/transport/http/handler/acl_handler.go:46.2,47.29 2 0
github.com/artyomstank/virtual_deanery/internal/transport/http/handler/acl_handler.go:47.29,53.3 1 0
github.com/artyomstank/virtual_deanery/internal/transport/http/handler/acl_handler.go:55.2,55.34 1 0
github.com/artyomstank/virtual_deanery/internal/transport/http/handler/acl_handler.go:60.53,64.41 2 0
github.com/artyomstank/virtual_deanery/internal/transport/http/handler/acl_handler.go:64.41,71.3 3 0
github.com/artyomstank/virtual_deanery/internal/transport/http/handler/acl_handler.go:74.2,74.48 1 0
github.com/artyomstank/virtual_deanery/internal/transport/http/handler/acl_handler.go:74.48,81.3 3 0
github.com/artyomstank/virtual_deanery/internal/transport/http/handler/acl_handler.go:84.2,85.13 2 0
github.com/artyomstank/virtual_deanery/internal/transport/http/handler/acl_handler.go:85.13,91.3 2 0
github.com/artyomstank/virtual_deanery/internal/transport/http/handler/acl_handler.go:93.2,94.9 2 0
github.com/artyomstank/virtual_deanery/internal/transport/http/handler/acl_handler.go:94.9,100.3 2 0
github.com/artyomstank/virtual_deanery/internal/transport/http/handler/acl_handler.go:103.2,104.16 2 0
github.com/artyomstank/virtual_deanery/internal/transport/http/handler/acl_handler.go:104.16,106.30 2 0
github.com/artyomstank/virtual_deanery/internal/transport/http/handler/acl_handler.go:106.30,112.4 2 0
github.com/artyomstank/virtual_deanery/internal/transport/http/handler/acl_handler.go:114.3,119.9 3 0
github.com/artyomstank/virtual_deanery/internal/transport/http/handler/acl_handler.go:122.2,126.133 2 0
github.com/artyomstank/virtual_deanery/internal/transport/http/handler/acl_handler.go:131.51,133.16 2 0
github.com/artyomstank/virtual_deanery/internal/transport/http/handler/acl_handler.go:133.16,139.3 2 0
github.com/artyomstank/virtual_deanery/internal/transport/http/handler/acl_handler.go:141.2,142.16 2 0
github.com/artyomstank/virtual_deanery/internal/transport/http/handler/acl_handler.go:142.16,149.3 3 0
github.com/artyomstank/virtual_deanery/internal/transport/http/handler/acl_handler.go:151.2,152.32 2 0
github.com/artyomstank/virtual_deanery/internal/transport/http/handler/acl_handler.go:152.32,165.3 1 0
github.com/artyomstank/virtual_deanery/internal/transport/http/handler/acl_handler.go:167.2,167.34 1 0
github.com/artyomstank/virtual_deanery/internal/transport/http/handler/user_handler.go:27.82,33.2 1 0
github.com/artyomstank/virtual_deanery/internal/transport/http/handler/user_handler.go:38.52,42.41 2 0
github.com/artyomstank/virtual_deanery/internal/transport/http/handler/user_handler.go:42.41,49.3 3 0
github.com/artyomstank/virtual_deanery/internal/transport/http/handler/user_handler.go:52.2,52.48 1 0
github.com/artyomstank/virtual_deanery/internal/transport/http/handler/user_handler.go:52.48,59.3 3 0
github.com/artyomstank/virtual_deanery/internal/transport/http/handler/user_handler.go:62.2,69.16 2 0
github.com/artyomstank/virtual_deanery/internal/transport/http/handler/user_handler.go:69.16,71.30 2 0
github.com/artyomstank/virtual_deanery/internal/transport/http/handler/user_handler.go:71.30,77.4 2 0
github.com/artyomstank/virtual_deanery/internal/transport/http/handler/user_handler.go:79.3,84.9 3 0
github.com/artyomstank/virtual_deanery/internal/transport/http/handler/user_handler.go:88.2,99.91 3 0
github.com/artyomstank/virtual_deanery/internal/transport/http/handler/user_handler.go:104.49,108.41 2 0
github.com/artyomstank/virtual_deanery/internal/transport/http/handler/user_handler.go:108.41,115.3 3 0
github.com/artyomstank/virtual_deanery/internal/transport/http/handler/user_handler.go:118.2,118.48 1 0
github.com/artyomstank/virtual_deanery/internal/transport/http/handler/user_handler.go:118.48,125.3 3 0
github.com/artyomstank/virtual_deanery/internal/transport/http/handler/user_handler.go:128.2,133.16 2 0
github.com/artyomstank/virtual_deanery/internal/transport/http/handler/user_handler.go:133.16,135.30 2 0
github.com/artyomstank/virtual_deanery/internal/transport/http/handler/user_handler.go:135.30,141.4 2 0
github.com/artyomstank/virtual_deanery/internal/transport/http/handler/user_handler.go:143.3,148.9 3 0
github.com/artyomstank/virtual_deanery/internal/transport/http/handler/user_handler.go:152.2,167.101 3 0
github.com/artyomstank/virtual_deanery/internal/transport/http/handler/user_handler.go:172.47,176.16 3 0
github.com/artyomstank/virtual_deanery/internal/transport/http/handler/user_handler.go:176.16,182.3 2 0
github.com/artyomstank/virtual_deanery/internal/transport/http/handler/user_handler.go:185.2,186.16 2 0
github.com/artyomstank/virtual_deanery/internal/transport/http/handler/user_handler.go:186.16,188.30 2 0
github.com/artyomstank/virtual_deanery/internal/transport/http/handler/user_handler.go:188.30,194.4 2 0
github.com/artyomstank/virtual_deanery/internal/transport/http/handler/user_handler.go:196.3,201.9 3 0
github.com/artyomstank/virtual_deanery/internal/transport/http/handler/user_handler.go:205.2,213.33 2 0
github.com/artyomstank/virtual_deanery/internal/transport/http/handler/user_handler.go:218.50,220.2 1 0
github.com/artyomstank/virtual_deanery/internal/transport/http/handler/user_handler.go:224.50,226.2 1 0
github.com/artyomstank/virtual_deanery/pkg/jwt/jwt.go:30.58,31.18 1 0
github.com/artyomstank/virtual_deanery/pkg/jwt/jwt.go:31.18,32.39 1 0
github.com/artyomstank/virtual_deanery/pkg/jwt/jwt.go:34.2,37.3 1 0
github.com/artyomstank/virtual_deanery/pkg/jwt/jwt.go:43.69,56.16 5 0
github.com/artyomstank/virtual_deanery/pkg/jwt/jwt.go:56.16,58.3 1 0
github.com/artyomstank/virtual_deanery/pkg/jwt/jwt.go:59.2,59.22 1 0
github.com/artyomstank/virtual_deanery/pkg/jwt/jwt.go:66.59,68.94 2 0
github.com/artyomstank/virtual_deanery/pkg/jwt/jwt.go:68.94,69.57 1 0
github.com/artyomstank/virtual_deanery/pkg/jwt/jwt.go:69.57,71.4 1 0
github.com/artyomstank/virtual_deanery/pkg/jwt/jwt.go:72.3,72.31 1 0
github.com/artyomstank/virtual_deanery/pkg/jwt/jwt.go:74.2,74.16 1 0
github.com/artyomstank/virtual_deanery/pkg/jwt/jwt.go:74.16,76.3 1 0
github.com/artyomstank/virtual_deanery/pkg/jwt/jwt.go:79.2,79.20 1 0
github.com/artyomstank/virtual_deanery/pkg/logger/logger.go:20.32,24.22 3 0
github.com/artyomstank/virtual_deanery/pkg/logger/logger.go:24.22,26.3 1 0
github.com/artyomstank/virtual_deanery/pkg/logger/logger.go:26.8,28.3 1 0
github.com/artyomstank/virtual_deanery/pkg/logger/logger.go:31.2,37.16 6 0
github.com/artyomstank/virtual_deanery/pkg/logger/logger.go:37.16,39.50 1 0
github.com/artyomstank/virtual_deanery/pkg/logger/logger.go:42.2,42.32 1 0
github.com/artyomstank/virtual_deanery/pkg/logger/logger.go:47.45,48.15 1 0
github.com/artyomstank/virtual_deanery/pkg/logger/logger.go:49.15,50.28 1 0
github.com/artyomstank/virtual_deanery/pkg/logger/logger.go:51.14,52.27 1 0
github.com/artyomstank/virtual_deanery/pkg/logger/logger.go:53.14,54.27 1 0
github.com/artyomstank/virtual_deanery/pkg/logger/logger.go:55.15,56.28 1 0
github.com/artyomstank/virtual_deanery/pkg/logger/logger.go:57.10,58.27 1 0
github.com/artyomstank/virtual_deanery/pkg/logger/logger.go:63.59,65.2 1 0
github.com/artyomstank/virtual_deanery/pkg/logger/logger.go:68.58,70.2 1 0
github.com/artyomstank/virtual_deanery/pkg/logger/logger.go:73.58,75.2 1 0
github.com/artyomstank/virtual_deanery/pkg/logger/logger.go:80.70,82.16 2 0
github.com/artyomstank/virtual_deanery/pkg/logger/logger.go:82.16,84.3 1 0
github.com/artyomstank/virtual_deanery/pkg/logger/logger.go:85.2,85.35 1 0
github.com/artyomstank/virtual_deanery/pkg/logger/logger.go:92.54,94.2 1 0
github.com/artyomstank/virtual_deanery/pkg/logger/logger.go:98.53,99.19 1 0
github.com/artyomstank/virtual_deanery/pkg/logger/logger.go:99.19,101.3 1 0
github.com/artyomstank/virtual_deanery/pkg/logger/logger.go:102.2,103.27 2 0
github.com/artyomstank/virtual_deanery/pkg/logger/logger.go:103.27,105.3 1 0
github.com/artyomstank/virtual_deanery/pkg/logger/logger.go:106.2,106.18 1 0
github.com/artyomstank/virtual_deanery/internal/transport/http/httputil/response.go:23.35,25.2 1 0
github.com/artyomstank/virtual_deanery/internal/transport/http/httputil/response.go:28.40,30.2 1 0
github.com/artyomstank/virtual_deanery/internal/transport/http/httputil/response.go:33.32,35.2 1 0
github.com/artyomstank/virtual_deanery/internal/transport/http/httputil/response.go:41.39,43.29 2 0
github.com/artyomstank/virtual_deanery/internal/transport/http/httputil/response.go:43.29,48.3 1 0
github.com/artyomstank/virtual_deanery/internal/transport/http/httputil/response.go:48.8,53.3 1 0
github.com/artyomstank/virtual_deanery/internal/transport/http/httputil/response.go:54.2,54.11 1 0
github.com/artyomstank/virtual_deanery/internal/transport/http/httputil/response.go:58.49,61.2 2 0
github.com/artyomstank/virtual_deanery/internal/transport/http/httputil/response.go:64.35,67.2 2 0
github.com/artyomstank/virtual_deanery/internal/transport/http/httputil/response.go:70.32,73.2 2 0
github.com/artyomstank/virtual_deanery/internal/transport/http/httputil/response.go:76.31,79.2 2 0
github.com/artyomstank/virtual_deanery/internal/transport/http/router/router.go:36.11,46.2 1 0
github.com/artyomstank/virtual_deanery/internal/transport/http/router/router.go:49.38,56.47 4 0
github.com/artyomstank/virtual_deanery/internal/transport/http/router/router.go:56.47,58.3 1 0
github.com/artyomstank/virtual_deanery/internal/transport/http/router/router.go:61.2,62.2 2 0
github.com/artyomstank/virtual_deanery/internal/transport/http/router/router.go:62.2,64.3 2 0
github.com/artyomstank/virtual_deanery/internal/transport/http/router/router.go:64.3,67.4 2 0
github.com/artyomstank/virtual_deanery/internal/transport/http/router/router.go:71.2,73.2 3 0
github.com/artyomstank/virtual_deanery/internal/transport/http/router/router.go:73.2,75.3 2 0
github.com/artyomstank/virtual_deanery/internal/transport/http/router/router.go:75.3,79.4 3 0
github.com/artyomstank/virtual_deanery/internal/transport/http/router/router.go:82.3,84.3 3 0
github.com/artyomstank/virtual_deanery/internal/transport/http/router/router.go:84.3,90.4 3 0
github.com/artyomstank/virtual_deanery/internal/transport/http/router/router.go:90.4,93.5 2 0
github.com/artyomstank/virtual_deanery/internal/transport/http/router/router.go:97.2,97.17 1 0
github.com/artyomstank/virtual_deanery/internal/transport/http/router/router.go:101.39,103.2 1 0
github.com/artyomstank/virtual_deanery/internal/transport/http/middleware/acl.go:19.131,20.30 1 0
github.com/artyomstank/virtual_deanery/internal/transport/http/middleware/acl.go:20.30,23.14 2 0
github.com/artyomstank/virtual_deanery/internal/transport/http/middleware/acl.go:23.14,31.4 4 0
github.com/artyomstank/virtual_deanery/internal/transport/http/middleware/acl.go:33.3,34.10 2 0
github.com/artyomstank/virtual_deanery/internal/transport/http/middleware/acl.go:34.10,42.4 4 0
github.com/artyomstank/virtual_deanery/internal/transport/http/middleware/acl.go:45.3,46.17 2 0
github.com/artyomstank/virtual_deanery/internal/transport/http/middleware/acl.go:46.17,59.4 4 0
github.com/artyomstank/virtual_deanery/internal/transport/http/middleware/acl.go:61.3,61.11 1 0
github.com/artyomstank/virtual_deanery/internal/transport/http/middleware/auth.go:18.84,19.30 1 0
github.com/artyomstank/virtual_deanery/internal/transport/http/middleware/auth.go:19.30,21.23 2 0
github.com/artyomstank/virtual_deanery/internal/transport/http/middleware/auth.go:21.23,29.4 4 0
github.com/artyomstank/virtual_deanery/internal/transport/http/middleware/auth.go:32.3,33.46 2 0
github.com/artyomstank/virtual_deanery/internal/transport/http/middleware/auth.go:33.46,41.4 4 0
github.com/artyomstank/virtual_deanery/internal/transport/http/middleware/auth.go:43.3,47.17 3 0
github.com/artyomstank/virtual_deanery/internal/transport/http/middleware/auth.go:47.17,55.4 4 0
github.com/artyomstank/virtual_deanery/internal/transport/http/middleware/auth.go:58.3,61.11 3 0
github.com/artyomstank/virtual_deanery/internal/transport/http/middleware/auth.go:66.63,67.30 1 0
github.com/artyomstank/virtual_deanery/internal/transport/http/middleware/auth.go:67.30,80.3 3 0
github.com/artyomstank/virtual_deanery/internal/transport/http/middleware/auth.go:84.64,85.30 1 0
github.com/artyomstank/virtual_deanery/internal/transport/http/middleware/auth.go:85.30,86.16 1 0
github.com/artyomstank/virtual_deanery/internal/transport/http/middleware/auth.go:86.16,87.36 1 0
github.com/artyomstank/virtual_deanery/internal/transport/http/middleware/auth.go:87.36,97.5 3 0
github.com/artyomstank/virtual_deanery/internal/transport/http/middleware/auth.go:99.3,99.11 1 0
github.com/artyomstank/virtual_deanery/internal/transport/http/middleware/auth.go:104.62,105.30 1 0
github.com/artyomstank/virtual_deanery/internal/transport/http/middleware/auth.go:105.30,110.36 3 0
github.com/artyomstank/virtual_deanery/internal/transport/http/middleware/auth.go:110.36,111.31 1 0
github.com/artyomstank/virtual_deanery/internal/transport/http/middleware/auth.go:111.31,113.10 2 0
github.com/artyomstank/virtual_deanery/internal/transport/http/middleware/auth.go:117.3,117.14 1 0
github.com/artyomstank/virtual_deanery/internal/transport/http/middleware/auth.go:117.14,122.4 4 0
github.com/artyomstank/virtual_deanery/internal/transport/http/middleware/auth.go:124.3,124.36 1 0
github.com/artyomstank/virtual_deanery/internal/transport/http/middleware/auth.go:124.36,127.4 2 0
github.com/artyomstank/virtual_deanery/internal/transport/http/middleware/auth.go:129.3,129.11 1 0
